electron/IntelligenceManager.ts(1026,131): error TS2554: Expected 2 arguments, but got 3.
electron/IntelligenceManager.ts(1058,135): error TS2554: Expected 2 arguments, but got 3.
electron/ipc/calendarEmailHandlers.ts(61,41): error TS2339: Property 'chatWithGemini' does not exist on type 'LLMHelper'.
electron/ipc/credentialHandlers.ts(53,29): error TS2339: Property 'getCurrentProvider' does not exist on type 'LLMHelper'.
electron/ipc/credentialHandlers.ts(54,26): error TS2339: Property 'getCurrentModel' does not exist on type 'LLMHelper'.
electron/ipc/credentialHandlers.ts(55,29): error TS2339: Property 'isUsingOllama' does not exist on type 'LLMHelper'.
electron/ipc/credentialHandlers.ts(90,39): error TS2339: Property 'forceRestartOllama' does not exist on type 'LLMHelper'.
electron/ipc/credentialHandlers.ts(272,32): error TS2339: Property 'testSpecificConnection' does not exist on type 'LLMHelper'.
electron/ipcHandlers.ts(255,73): error TS2339: Property 'generateSuggestion' does not exist on type 'LLMHelper'.
electron/ipcHandlers.ts(266,69): error TS2339: Property 'analyzeImageFile' does not exist on type 'LLMHelper'.
electron/ipcHandlers.ts(276,69): error TS2339: Property 'chatWithGemini' does not exist on type 'LLMHelper'.
electron/llm/WhatToAnswerLLM.ts(99,49): error TS2339: Property 'getCurrentModel' does not exist on type 'LLMHelper'.
electron/ProcessingHelper.ts(105,50): error TS2345: Argument of type 'import("C:/Users/yepur/Desktop/My_Projects/Ghost_Writer/electron/services/CredentialsManager").CustomProvider[]' is not assignable to parameter of type 'import("C:/Users/yepur/Desktop/My_Projects/Ghost_Writer/electron/llm/providers/CustomProviderImpl").CustomProvider[]'.
  Type 'CustomProvider' is missing the following properties from type 'CustomProvider': baseUrl, apiKey, modelId, payloadTemplate, responsePath
electron/ProcessingHelper.ts(160,50): error TS2339: Property 'analyzeImageFile' does not exist on type 'LLMHelper'.
electron/ProcessingHelper.ts(199,54): error TS2339: Property 'generateSolution' does not exist on type 'LLMHelper'.
electron/ProcessingHelper.ts(203,50): error TS2339: Property 'debugSolutionWithImages' does not exist on type 'LLMHelper'.
